[dcheck.vn/index.html]
[backblue.gif]
[fade.gif]
[index.html]
[dcheck.vn/wp-content/themes/flatsome/assets/js/flatsome8489.js]
[dcheck.vn/wp-content/themes/flatsome/assets/js/chunk.sliderde97.js]
[dcheck.vn/wp-content/themes/flatsome/assets/js/chunk.popupsde97.js]
[dcheck.vn/wp-content/themes/flatsome/assets/js/chunk.tooltipsde97.js]
[dcheck.vn/wp-content/plugins/contact-form-7/includes/css/styles5b21.css]
[dcheck.vn/wp-content/themes/dahahi/css/slick9704.css]
[dcheck.vn/feed/index.html]
[dcheck.vn/wp-content/themes/dahahi/css/slick-theme9704.css]
[dcheck.vn/wp-content/themes/flatsome/assets/css/flatsomede97.css]
[dcheck.vn/wp-content/themes/flatsome/assets/css/icons/fl-iconsabf8.eot]
[dcheck.vn/comments/feed/index.html]
[dcheck.vn/wp-content/themes/flatsome/assets/css/icons/fl-icons.eot]
[dcheck.vn/wp-content/themes/flatsome/assets/css/icons/fl-iconsabf8.woff2]
[dcheck.vn/wp-content/themes/flatsome/assets/css/icons/fl-iconsabf8.ttf]
[dcheck.vn/wp-content/themes/flatsome/assets/css/icons/fl-iconsabf8.woff]
[dcheck.vn/wp-content/themes/flatsome/assets/css/icons/fl-iconsabf8.svg]
[dcheck.vn/wp-content/themes/dahahi/style6aec.css]
[dcheck.vn/wp-content/themes/dahahi/style-custom8b13.css]
[dcheck.vn/wp-content/plugins/foxtool/link/smooth-scroll.min68b3.js]
[dcheck.vn/wp-includes/js/jquery/jquery.minf43b.js]
[dcheck.vn/wp-includes/js/jquery/jquery-migrate.min5589.js]
[dcheck.vn/wp-content/plugins/foxtool/link/index0875.js]
[dcheck.vn/wp-json/wp/v2/pages/18.json]
[dcheck.vn/wp-json/index.html]
[dcheck.vn/wp-json/oembed/1.0/embed8846.json]
[dcheck.vn/wp-json/oembed/1.0/embed2e78]
[cdnjs.cloudflare.com/ajax/libs/font-awesome/5.15.4/css/all.min.css]
[dcheck.vn/wp-content/uploads/2024/12/cropped-Du-an-moi-32x32.webp]
[dcheck.vn/wp-content/uploads/2024/12/cropped-Du-an-moi-192x192.webp]
[dcheck.vn/wp-content/uploads/2024/12/cropped-Du-an-moi-180x180.webp]
[dcheck.vn/home/keymmedia-dahahi/htdocs/dahahi.keymmedia.vn/wp-content/fonts/inter/UcC73FwrK3iLTeHuS_nVMrMxCp50SjIa2JL7SUc.woff2]
[dcheck.vn/home/keymmedia-dahahi/htdocs/dahahi.keymmedia.vn/wp-content/fonts/inter/UcC73FwrK3iLTeHuS_nVMrMxCp50SjIa0ZL7SUc.woff2]
[dcheck.vn/home/keymmedia-dahahi/htdocs/dahahi.keymmedia.vn/wp-content/fonts/inter/UcC73FwrK3iLTeHuS_nVMrMxCp50SjIa2ZL7SUc.woff2]
[dcheck.vn/home/keymmedia-dahahi/htdocs/dahahi.keymmedia.vn/wp-content/fonts/inter/UcC73FwrK3iLTeHuS_nVMrMxCp50SjIa1pL7SUc.woff2]
[dcheck.vn/home/keymmedia-dahahi/htdocs/dahahi.keymmedia.vn/wp-content/fonts/inter/UcC73FwrK3iLTeHuS_nVMrMxCp50SjIa2pL7SUc.woff2]
[dcheck.vn/home/keymmedia-dahahi/htdocs/dahahi.keymmedia.vn/wp-content/fonts/inter/UcC73FwrK3iLTeHuS_nVMrMxCp50SjIa25L7SUc.woff2]
[dcheck.vn/home/keymmedia-dahahi/htdocs/dahahi.keymmedia.vn/wp-content/fonts/inter/UcC73FwrK3iLTeHuS_nVMrMxCp50SjIa1ZL7.woff2]
[dcheck.vn/wp-content/uploads/2024/12/logo-DCheck-1-1024x486.png]
[dcheck.vn/wp-content/uploads/2025/01/banner-web-DC.png]
[dcheck.vn/wp-content/uploads/2024/12/bg-report.png]
[dcheck.vn/chuc-nang/index.html]
[dcheck.vn/wp-content/uploads/2024/12/svgexport-5.png]
[dcheck.vn/wp-content/uploads/2024/12/svgexport-6.png]
[dcheck.vn/wp-content/uploads/2024/12/svgexport-3.png]
[dcheck.vn/wp-content/uploads/2025/01/reg.png]
[dcheck.vn/du-an-thuc-te/index.html]
[dcheck.vn/wp-content/uploads/2025/01/card.png]
[dcheck.vn/wp-content/uploads/2025/01/mobile.png]
[dcheck.vn/wp-content/uploads/2024/12/CHECKI1N.png]
[dcheck.vn/wp-content/uploads/2025/01/checkin-face-1.png]
[dcheck.vn/bang-gia/index.html]
[dcheck.vn/wp-content/uploads/2025/01/face-1-1024x707.png]
[dcheck.vn/wp-content/uploads/2025/01/man-welcome-1-1024x576.jpg]
[dcheck.vn/wp-content/uploads/2024/12/QR-tren-thiet-bi-1024x682.jpg]
[dcheck.vn/wp-content/uploads/2025/01/qr-face.png]
[dcheck.vn/wp-content/uploads/2024/12/QR-tu-app-576x1024.jpg]
[dcheck.vn/lien-he/index.html]
[dcheck.vn/wp-content/uploads/2024/12/bg-intro.png]
[dcheck.vn/wp-content/uploads/2024/12/tiktok-300x300.png]
[dcheck.vn/wp-content/uploads/2024/12/Steamese-300x300.png]
[dcheck.vn/wp-content/uploads/2024/12/HORECFEX-300x300.png]
[dcheck.vn/wp-content/uploads/2024/12/MICHELIN-300x300.png]
[dcheck.vn/wp-content/uploads/2024/12/Petrolimex-300x300.png]
[dcheck.vn/wp-content/uploads/2024/12/VIDEC-300x300.png]
[dcheck.vn/wp-content/uploads/2024/12/SME-300x300.png]
[dcheck.vn/wp-content/uploads/2024/12/Tra-Vinh-300x300.png]
[dcheck.vn/wp-content/uploads/2025/01/Screenshot_8.png]
[dcheck.vn/wp-content/uploads/2025/01/Screenshot_8-300x300.png]
[dcheck.vn/wp-content/uploads/2025/01/1I06ocaAzzamebAQ7vh0x6Dks39mSC5V_1683626873____c1d730ea3f717b139b3fab2607662c29.png]
[dcheck.vn/wp-content/uploads/2025/01/1I06ocaAzzamebAQ7vh0x6Dks39mSC5V_1683626873____c1d730ea3f717b139b3fab2607662c29-300x300.png]
[dcheck.vn/wp-content/uploads/2025/01/20230506165104_4856_1683366664.jpg.png]
[dcheck.vn/wp-content/uploads/2025/01/20230506165104_4856_1683366664.jpg-300x300.png]
[dcheck.vn/wp-content/uploads/2025/01/mesi_logo_master.png]
[dcheck.vn/wp-content/uploads/2025/01/mesi_logo_master-300x300.png]
[dcheck.vn/wp-content/uploads/2025/01/logo-ft-2.png]
[dcheck.vn/wp-content/uploads/2025/01/logo-ft-2-300x300.png]
[dcheck.vn/wp-content/uploads/2025/01/logo-1.png]
[dcheck.vn/wp-content/uploads/2025/01/logo-1-300x300.png]
[dcheck.vn/wp-content/uploads/2025/01/logo.jpg.png]
[dcheck.vn/wp-content/uploads/2025/01/logo.jpg-300x300.png]
[dcheck.vn/wp-content/uploads/2025/01/363441038_882127956954384_8084720790044886295_n-1024x1024.jpg]
[dcheck.vn/wp-content/uploads/2025/01/363441038_882127956954384_8084720790044886295_n-300x300.jpg]
[dcheck.vn/wp-content/uploads/2025/01/320745548_550641700300745_3266249904045376093_n-1024x1024.jpg]
[dcheck.vn/wp-content/uploads/2025/01/320745548_550641700300745_3266249904045376093_n-300x300.jpg]
[dcheck.vn/wp-content/uploads/2025/01/283266030_111932028192833_1584934635758613806_n.jpg.png]
[dcheck.vn/wp-content/uploads/2025/01/283266030_111932028192833_1584934635758613806_n.jpg-300x300.png]
[dcheck.vn/wp-content/uploads/2025/01/150100176_z5014647382398-e3cb167a02d9644fba06f7dac295fc3d.jpg.png]
[dcheck.vn/wp-content/uploads/2025/01/150100176_z5014647382398-e3cb167a02d9644fba06f7dac295fc3d.jpg-300x300.png]
[dcheck.vn/wp-content/uploads/2025/01/095611644_MTE-logo-03-1.png]
[dcheck.vn/wp-content/uploads/2025/01/095611644_MTE-logo-03-1-300x300.png]
[dcheck.vn/wp-content/uploads/2025/01/22865b391d863a25ff8756676c6b63fe.jpg.png]
[dcheck.vn/wp-content/uploads/2025/01/22865b391d863a25ff8756676c6b63fe.jpg-300x300.png]
[dcheck.vn/wp-content/uploads/2025/01/7jfP1wIQVDHLpe7RbNHNPtxayxJHqkIz_1718594648____74b61dcece3526f6d20d017ba2b801f2.jpg.png]
[dcheck.vn/wp-content/uploads/2025/01/7jfP1wIQVDHLpe7RbNHNPtxayxJHqkIz_1718594648____74b61dcece3526f6d20d017ba2b801f2.jpg-300x300.png]
[dcheck.vn/wp-content/uploads/2025/01/lien-he-1.png]
[dcheck.vn/wp-content/uploads/2025/01/zalo.png]
[dcheck.vn/wp-content/uploads/2025/01/messenger.png]
[dcheck.vn/wp-content/uploads/2025/01/phone1.png]
[dcheck.vn/wp-includes/js/dist/hooks.min4fdd.js]
[dcheck.vn/wp-includes/js/dist/i18n.minc33c.js]
[dcheck.vn/wp-content/plugins/contact-form-7/includes/swv/js/index5b21.js]
[dcheck.vn/wp-content/plugins/contact-form-7/includes/js/index5b21.js]
[dcheck.vn/wp-content/plugins/foxtool/link/instantpage87e8.js]
[dcheck.vn/wp-content/themes/dahahi/js/slick.min.js]
[dcheck.vn/wp-content/themes/dahahi/js/custom-slick-init.js]
[dcheck.vn/wp-content/themes/flatsome/js/load-more-projects.js]
[dcheck.vn/wp-content/themes/flatsome/inc/extensions/flatsome-live-search/flatsome-live-searchde97.js]
[dcheck.vn/wp-includes/js/hoverIntent.min3e5a.js]
[dcheck.vn/wp-content/themes/dahahi/js-custom8b13.js]
[dcheck.vn/index.html]
[dcheck.vn/xmlrpc.html]
[dcheck.vn/wp-content/plugins/contact-form-7/includes/css/styles5b21.css]
[dcheck.vn/wp-content/themes/dahahi/css/slick9704.css]
[dcheck.vn/wp-content/themes/dahahi/css/ajax-loader.gif]
[dcheck.vn/wp-content/themes/dahahi/css/fonts/slick.eot]
[dcheck.vn/wp-content/themes/dahahi/css/fonts/slickd41d.eot]
[dcheck.vn/wp-content/themes/dahahi/css/fonts/slick.woff2]
[dcheck.vn/wp-content/themes/dahahi/css/fonts/slick.woff]
[dcheck.vn/wp-content/themes/dahahi/css/fonts/slick.ttf]
[dcheck.vn/wp-content/themes/dahahi/css/fonts/slick.svg]
[dcheck.vn/wp-content/themes/dahahi/css/slick-theme9704.css]
[dcheck.vn/wp-content/themes/flatsome/assets/img/shadow@2x.png]
[dcheck.vn/wp-content/themes/flatsome/assets/img/underline.png]
[dcheck.vn/wp-content/themes/flatsome/assets/css/flatsomede97.css]
[dcheck.vn/wp-content/themes/flatsome/assets/css/icons/fl-iconsabf8.svg]
[dcheck.vn/wp-content/themes/dahahi/style6aec.css]
[dcheck.vn/wp-content/uploads/2024/12/scan-1.png]
[dcheck.vn/wp-content/themes/dahahi/style-custom8b13.css]
[dcheck.vn/xmlrpc0db0.html]
[cdnjs.cloudflare.com/ajax/libs/font-awesome/5.15.4/css/all.min.css]
[dcheck.vn/home/keymmedia-dahahi/htdocs/dahahi.keymmedia.vn/wp-content/fonts/inter/UcC73FwrK3iLTeHuS_nVMrMxCp50SjIa2JL7SUc.html]
[dcheck.vn/home/keymmedia-dahahi/htdocs/dahahi.keymmedia.vn/wp-content/fonts/inter/UcC73FwrK3iLTeHuS_nVMrMxCp50SjIa0ZL7SUc.html]
[dcheck.vn/home/keymmedia-dahahi/htdocs/dahahi.keymmedia.vn/wp-content/fonts/inter/UcC73FwrK3iLTeHuS_nVMrMxCp50SjIa2ZL7SUc.html]
[dcheck.vn/home/keymmedia-dahahi/htdocs/dahahi.keymmedia.vn/wp-content/fonts/inter/UcC73FwrK3iLTeHuS_nVMrMxCp50SjIa1pL7SUc.html]
[dcheck.vn/home/keymmedia-dahahi/htdocs/dahahi.keymmedia.vn/wp-content/fonts/inter/UcC73FwrK3iLTeHuS_nVMrMxCp50SjIa2pL7SUc.html]
[dcheck.vn/home/keymmedia-dahahi/htdocs/dahahi.keymmedia.vn/wp-content/fonts/inter/UcC73FwrK3iLTeHuS_nVMrMxCp50SjIa25L7SUc.html]
[dcheck.vn/home/keymmedia-dahahi/htdocs/dahahi.keymmedia.vn/wp-content/fonts/inter/UcC73FwrK3iLTeHuS_nVMrMxCp50SjIa1ZL7.html]
[dcheck.vn/wp-content/themes/dahahi/style-custom5028.css]
[dcheck.vn/wp-json/wp/v2/pages/20.json]
[dcheck.vn/wp-json/oembed/1.0/embeda4d1.json]
[dcheck.vn/wp-json/oembed/1.0/embed7465]
[dcheck.vn/wp-content/uploads/2024/12/bg-effect.png]
[dahahi.keymmedia.vn/wp-content/uploads/2025/01/link-dang-ky.png]
[dahahi.keymmedia.vn/wp-content/uploads/2025/01/ZNS.png]
[dahahi.keymmedia.vn/wp-content/uploads/2025/01/JDI-2024.png]
[dahahi.keymmedia.vn/wp-content/uploads/2025/01/qr-face.png]
[dahahi.keymmedia.vn/wp-content/uploads/2025/01/checkin-face.png]
[dahahi.keymmedia.vn/wp-content/uploads/2025/01/mail-thu-moi.png]
[dahahi.keymmedia.vn/wp-content/uploads/2024/12/QR-tu-app.jpg]
[dahahi.keymmedia.vn/wp-content/uploads/2025/01/man-welcome-scaled.jpg]
[dahahi.keymmedia.vn/wp-content/uploads/2025/01/thong-bao-1-1.png]
[dahahi.keymmedia.vn/wp-content/uploads/2025/01/IMG_20241205_100816-scaled.jpg]
[dahahi.keymmedia.vn/wp-content/uploads/2025/01/db-vt-solu.png]
[dahahi.keymmedia.vn/wp-content/uploads/2025/01/quet-Qr-cam-truoc.png]
[dahahi.keymmedia.vn/wp-content/uploads/2024/12/vt-2.png]
[dahahi.keymmedia.vn/wp-content/uploads/2025/01/thong-bao-2.png]
[dahahi.keymmedia.vn/wp-content/uploads/2024/12/vt-3.png]
[dahahi.keymmedia.vn/wp-content/uploads/2025/01/db-vt-solu-web.png]
[dahahi.keymmedia.vn/wp-content/uploads/2025/01/monitor-1.png]
[dahahi.keymmedia.vn/wp-content/uploads/2025/01/in-tem-nhiet.png]
[dahahi.keymmedia.vn/wp-content/uploads/2025/01/in-the-scaled.jpg]
[dahahi.keymmedia.vn/wp-content/uploads/2025/01/vqmm1.png]
[dahahi.keymmedia.vn/wp-content/uploads/2025/01/bao-cao-checkin.png]
[dahahi.keymmedia.vn/wp-content/uploads/2025/01/vqmm2.png]
[dahahi.keymmedia.vn/wp-content/uploads/2025/01/Danh-sach-khach-moi.png]
[dcheck.vn/wp-content/themes/dahahi/js-custom5028.js]
[dcheck.vn/chuc-nang/index.html]
[dcheck.vn/wp-content/themes/dahahi/style-customc51e.css]
[dcheck.vn/wp-content/uploads/2025/01/lien-he-1-300x300.png]
[dcheck.vn/du-an-thuc-te/feed/index.html]
[dcheck.vn/wp-content/uploads/2025/01/1-1-300x300.png]
[dcheck.vn/wp-content/uploads/2025/01/2-1-300x300.png]
[dcheck.vn/wp-content/uploads/2025/01/4-300x300.png]
[dcheck.vn/wp-content/uploads/2025/01/5-300x300.png]
[dcheck.vn/wp-content/themes/dahahi/js-customc51e.js]
[dcheck.vn/du-an-thuc-te/index.html]
[dcheck.vn/wp-content/themes/dahahi/style-customcf81.css]
[dcheck.vn/wp-json/wp/v2/pages/24.json]
[dcheck.vn/wp-json/oembed/1.0/embedbf50.json]
[dcheck.vn/wp-json/oembed/1.0/embed0db7]
[dcheck.vn/wp-content/themes/dahahi/js-customcf81.js]
[dcheck.vn/bang-gia/index.html]
[dcheck.vn/wp-content/themes/dahahi/style-custom1c51.css]
[dcheck.vn/wp-json/wp/v2/pages/26.json]
[dcheck.vn/wp-json/oembed/1.0/embed5bcb.json]
[dcheck.vn/wp-json/oembed/1.0/embed9a15]
[dcheck.vn/wp-content/themes/dahahi/js-custom1c51.js]
[dcheck.vn/lien-he/index.html]
[dcheck.vn/wp-content/themes/flatsome/js/load-more-projects.html]
[dcheck.vn/wp-content/themes/dahahi/css/ajax-loader.html]
[dcheck.vn/wp-content/themes/dahahi/css/fonts/slick.html]
[dcheck.vn/wp-content/themes/dahahi/css/fonts/slickd41d.html]
[dcheck.vn/wp-content/themes/dahahi/css/fonts/slick-2.html]
[dcheck.vn/wp-content/themes/dahahi/css/fonts/slick-3.html]
[dcheck.vn/wp-content/themes/dahahi/css/fonts/slick-4.html]
[dcheck.vn/wp-content/themes/dahahi/css/fonts/slick-5.html]
[dcheck.vn/wp-content/themes/dahahi/style-custom5028.css]
[dcheck.vn/index341b.html]
[dcheck.vn/wp-content/themes/dahahi/style-customc51e.css]
[dcheck.vn/wp-content/themes/dahahi/style-customcf81.css]
[dcheck.vn/index2cf9.html]
[dcheck.vn/wp-content/themes/dahahi/style-custom1c51.css]
[dcheck.vn/index88b9.html]
